// Jest Snapshot v1, https://goo.gl/fbAQLP

exports[`Control should match snapshot 1`] = `ShallowWrapper {}`;
